
--- ORDER LOG 12/02/2026 00:05:07 ---
DEBUG: Received customer_email: 'test@dineiq.ai'
DEBUG: Normalized target_email: 'test@dineiq.ai'
DEBUG: NO MATCH FOUND for 'test@dineiq.ai'
DEBUG: Available emails (first 10): ['atharv.kumar@webisdom.com', 'malhotra_umang@yahoo.com', 'umanghere@gmail.com', 'umangmalhotra1980@gmail.com']
DEBUG: Final IDs saved -> ID: Unknown, Name: Unknown
--- END LOG ---

--- ORDER LOG 12/02/2026 00:05:56 ---
DEBUG: Received customer_email: 'test@dineiq.ai'
DEBUG: Normalized target_email: 'test@dineiq.ai'
DEBUG: NO MATCH FOUND for 'test@dineiq.ai'
DEBUG: Available emails (first 10): ['atharv.kumar@webisdom.com', 'malhotra_umang@yahoo.com', 'umanghere@gmail.com', 'umangmalhotra1980@gmail.com']
DEBUG: Final IDs saved -> ID: Unknown, Name: Unknown
--- END LOG ---

--- ORDER LOG 12/02/2026 00:07:18 ---
DEBUG: Received customer_email: 'test@dineiq.ai'
DEBUG: Normalized target_email: 'test@dineiq.ai'
DEBUG: NO MATCH FOUND for 'test@dineiq.ai'
DEBUG: Available emails (first 10): ['atharv.kumar@webisdom.com', 'malhotra_umang@yahoo.com', 'umanghere@gmail.com', 'umangmalhotra1980@gmail.com']
DEBUG: Final IDs saved -> ID: Unknown, Name: Unknown
--- END LOG ---

--- ORDER LOG 12/02/2026 00:14:45 ---
DEBUG: Received customer_email: 'Malhotra_Umang@yahoo.com'
DEBUG: Normalized target_email: 'malhotra_umang@yahoo.com'
DEBUG: MATCH FOUND: Cust_0002 - Umang
DEBUG: Final IDs saved -> ID: Cust_0002, Name: Umang
--- END LOG ---
